<?xml version="1.0" encoding="UTF-8"?><mappingRoot xmlns="http://www.ibm.com/2008/ccl/Mapping" domainID="com.ibm.msl.mapping.xml" domainIDExtension="mb" mainMap="true" targetNamespace="default" version="8.0.5.0" xmlns:map="default">
    <input path="jar:file://!com/ibm/etools/mft/map/xsds/predefined/JsonDomainMsg.xsd" var="var"/>
    <output path="/input.xsd" var="var1"/>
    <namespaces>
        <namespace kind="supplement" prefix="in" uri="http://www.ibm.com/iib/msl/json"/>
    </namespaces>
    <generation engine="xquery"/>
    <mappingDeclaration name="postSample_Mapping">
        <input namespace="http://www.ibm.com/iib/msl/json" path="$var/mb:msg(JSON,assembly,JSON,Properties)" var="MessageAssembly">
            <cast path="$MessageAssembly/JSON/Data/type('anyType')" qualifier="{http://www.ibm.com/iib/msl/json}JSONObject" ref="var"/>
            <cast path="$MessageAssembly/JSON/spath('Data',2)/any" qualifier="class" ref="var1"/>
        </input>
        <output path="$var1/mb:msg(class,assembly,XMLNSC,Properties)" var="MessageAssembly1"/>
        <local>
            <input path="$MessageAssembly/JSON/spath('Data',2)"/>
            <output path="$MessageAssembly1/class"/>
            <local>
                <input path="class"/>
                <output path="."/>
                <local>
                    <input path="student"/>
                    <output path="student"/>
                    <move>
                        <input path="name"/>
                        <output path="name"/>
                    </move>
                    <move>
                        <input path="rollno"/>
                        <output path="rollno"/>
                    </move>
                    <move>
                        <input path="branch"/>
                        <output path="branch"/>
                    </move>
                    <move>
                        <input path="college"/>
                        <output path="college"/>
                    </move>
                </local>
            </local>
        </local>
    </mappingDeclaration>
</mappingRoot>